❯ Building...
✔ Building...
Browser bundles     
Initial chunk files  | Names            |  Raw size
main.js              | main             | 264.31 kB | 
styles.css           | styles           |   8.86 kB | 

                     | Initial total    | 273.17 kB


Server bundles      
Initial chunk files  | Names            |  Raw size
main.server.mjs      | main.server      | 266.06 kB | 
server.mjs           | server           |   1.96 kB | 
polyfills.server.mjs | polyfills.server | 268 bytes | 

Application bundle generation complete. [10.248 seconds] - 2026-08-09T21:56:17.492Z

Watch mode enabled. Watching for file changes...
NOTE: Raw file sizes do not reflect development server per-request transformations.
[2m12:56:19 AM[22m [36m[1m[vite][22m[39m [90m[2m(client)[22m[39m Re-optimizing dependencies because vite config has changed
[2m12:56:19 AM[22m [36m[1m[vite][22m[39m [34m[2m(ssr)[22m[39m Re-optimizing dependencies because vite config has changed
  [32m➜[39m  [1mLocal[22m:   [36mhttp://127.0.0.1:[1m4200[22m/[39m
[2m12:56:20 AM[22m [36m[1m[vite][22m[39m [90m[2m(client)[22m[39m [optimizer] bundling dependencies...
[2m12:56:20 AM[22m [36m[1m[vite][22m[39m [34m[2m(ssr)[22m[39m [optimizer] bundling dependencies...
❯ Changes detected. Rebuilding...
✔ Changes detected. Rebuilding...
Browser bundles    
Initial chunk files | Names       |  Raw size
main.js             | main        | 286.09 kB | 


Server bundles     
Initial chunk files | Names       |  Raw size
main.server.mjs     | main.server | 287.85 kB | 

Application bundle generation complete. [4.146 seconds] - 2026-08-09T23:20:55.808Z

Page reload sent to client(s).
